<testsuites id="" name="" tests="1" failures="0" skipped="0" errors="0" time="23.686789">
<testsuite name="limitDialog\limitDialog.spec.ts" timestamp="2026-03-03T06:35:48.232Z" hostname="chromium" tests="1" failures="0" skipped="0" time="22.674" errors="0">
<testcase name="login" classname="limitDialog\limitDialog.spec.ts" time="22.674">
</testcase>
</testsuite>
</testsuites>